/home/user/openCologne/4.Advanced--4/3.build/slpp_all/lib/work/opl3.sv
/home/user/openCologne/4.Advanced--4/3.build/slpp_all/lib/work/opl3_pkg.sv
/home/user/openCologne/4.Advanced--4/3.build/slpp_all/lib/work/dac_prep.sv
/home/user/openCologne/4.Advanced--4/3.build/slpp_all/lib/work/channels.sv
/home/user/openCologne/4.Advanced--4/3.build/slpp_all/lib/work/control_operators.sv
/home/user/openCologne/4.Advanced--4/3.build/slpp_all/lib/work/clk_div.sv
/home/user/openCologne/4.Advanced--4/3.build/slpp_all/lib/work/reset_sync.sv
/home/user/openCologne/4.Advanced--4/3.build/slpp_all/lib/work/i2s.sv
/home/user/openCologne/4.Advanced--4/3.build/slpp_all/lib/work/operator.sv
/home/user/openCologne/4.Advanced--4/3.build/slpp_all/lib/work/calc_phase_inc.sv
/home/user/openCologne/4.Advanced--4/3.build/slpp_all/lib/work/calc_rhythm_phase.sv
/home/user/openCologne/4.Advanced--4/3.build/slpp_all/lib/work/phase_generator.sv
/home/user/openCologne/4.Advanced--4/3.build/slpp_all/lib/work/vibrato.sv
/home/user/openCologne/4.Advanced--4/3.build/slpp_all/lib/work/envelope_generator.sv
/home/user/openCologne/4.Advanced--4/3.build/slpp_all/lib/work/ksl_add_rom.sv
/home/user/openCologne/4.Advanced--4/3.build/slpp_all/lib/work/env_rate_counter.sv
/home/user/openCologne/4.Advanced--4/3.build/slpp_all/lib/work/tremolo.sv
/home/user/openCologne/4.Advanced--4/3.build/slpp_all/lib/work/opl3_log_sine_lut.sv
/home/user/openCologne/4.Advanced--4/3.build/slpp_all/lib/work/opl3_exp_lut.sv
/home/user/openCologne/4.Advanced--4/3.build/slpp_all/lib/work/afifo.v
/home/user/openCologne/4.Advanced--4/3.build/slpp_all/lib/work/edge_detector.sv
/home/user/openCologne/4.Advanced--4/3.build/slpp_all/lib/work/mem_simple_dual_port_async_read.sv
/home/user/openCologne/4.Advanced--4/3.build/slpp_all/lib/work/mem_simple_dual_port.sv
/home/user/openCologne/4.Advanced--4/3.build/slpp_all/lib/work/mem_multi_bank.sv
/home/user/openCologne/4.Advanced--4/3.build/slpp_all/lib/work/mem_multi_bank_reset.sv
/home/user/openCologne/4.Advanced--4/3.build/slpp_all/lib/work/pipeline_sr.sv
/home/user/openCologne/4.Advanced--4/3.build/slpp_all/lib/work/synchronizer.sv
/home/user/openCologne/4.Advanced--4/3.build/slpp_all/lib/work/leds.sv
/home/user/openCologne/4.Advanced--4/3.build/slpp_all/lib/work/host_if.sv
