/home/user/openCologne/4.Advanced--4/3.build/slpp_all/lib/work/afifo.v /home/user/openCologne/4.Advanced--4/1.hw/modules/misc/src/afifo.v
/home/user/openCologne/4.Advanced--4/3.build/slpp_all/lib/work/clk_div.sv /home/user/openCologne/4.Advanced--4/1.hw/modules/clks/src/clk_div.sv
/home/user/openCologne/4.Advanced--4/3.build/slpp_all/lib/work/reset_sync.sv /home/user/openCologne/4.Advanced--4/1.hw/modules/clks/src/reset_sync.sv
/home/user/openCologne/4.Advanced--4/3.build/slpp_all/lib/work/dac_prep.sv /home/user/openCologne/4.Advanced--4/1.hw/modules/channels/src/dac_prep.sv
/home/user/openCologne/4.Advanced--4/3.build/slpp_all/lib/work/opl3_pkg.sv /home/user/openCologne/4.Advanced--4/1.hw/modules/top_level/pkg/opl3_pkg.sv
/home/user/openCologne/4.Advanced--4/3.build/slpp_all/lib/work/i2s.sv /home/user/openCologne/4.Advanced--4/1.hw/modules/i2s/src/i2s.sv
/home/user/openCologne/4.Advanced--4/3.build/slpp_all/lib/work/edge_detector.sv /home/user/openCologne/4.Advanced--4/1.hw/modules/misc/src/edge_detector.sv
/home/user/openCologne/4.Advanced--4/3.build/slpp_all/lib/work/mem_multi_bank.sv /home/user/openCologne/4.Advanced--4/1.hw/modules/misc/src/mem_multi_bank.sv
/home/user/openCologne/4.Advanced--4/3.build/slpp_all/lib/work/pipeline_sr.sv /home/user/openCologne/4.Advanced--4/1.hw/modules/misc/src/pipeline_sr.sv
/home/user/openCologne/4.Advanced--4/3.build/slpp_all/lib/work/mem_simple_dual_port_async_read.sv /home/user/openCologne/4.Advanced--4/1.hw/modules/misc/src/mem_simple_dual_port_async_read.sv
/home/user/openCologne/4.Advanced--4/3.build/slpp_all/lib/work/my_opl3.sv /home/user/openCologne/4.Advanced--4/1.hw/modules/top_level/src/my_opl3.sv
/home/user/openCologne/4.Advanced--4/3.build/slpp_all/lib/work/host_if.sv /home/user/openCologne/4.Advanced--4/1.hw/modules/host_if/src/host_if.sv
