/home/user/openCologne/4.Advanced--4/1.hw/slpp_all/lib/work/modules/top_level/src/opl3.sv /home/user/openCologne/4.Advanced--4/1.hw/modules/top_level/src/opl3.sv
/home/user/openCologne/4.Advanced--4/1.hw/slpp_all/lib/work/modules/top_level/pkg/opl3_pkg.sv /home/user/openCologne/4.Advanced--4/1.hw/modules/top_level/pkg/opl3_pkg.sv
/home/user/openCologne/4.Advanced--4/1.hw/slpp_all/lib/work/modules/channels/src/dac_prep.sv /home/user/openCologne/4.Advanced--4/1.hw/modules/channels/src/dac_prep.sv
/home/user/openCologne/4.Advanced--4/1.hw/slpp_all/lib/work/modules/channels/src/channels.sv /home/user/openCologne/4.Advanced--4/1.hw/modules/channels/src/channels.sv
/home/user/openCologne/4.Advanced--4/1.hw/slpp_all/lib/work/modules/channels/src/control_operators.sv /home/user/openCologne/4.Advanced--4/1.hw/modules/channels/src/control_operators.sv
/home/user/openCologne/4.Advanced--4/1.hw/slpp_all/lib/work/modules/clks/src/clk_div.sv /home/user/openCologne/4.Advanced--4/1.hw/modules/clks/src/clk_div.sv
/home/user/openCologne/4.Advanced--4/1.hw/slpp_all/lib/work/modules/clks/src/reset_sync.sv /home/user/openCologne/4.Advanced--4/1.hw/modules/clks/src/reset_sync.sv
/home/user/openCologne/4.Advanced--4/1.hw/slpp_all/lib/work/modules/i2s/src/i2s.sv /home/user/openCologne/4.Advanced--4/1.hw/modules/i2s/src/i2s.sv
/home/user/openCologne/4.Advanced--4/1.hw/slpp_all/lib/work/modules/operator/src/operator.sv /home/user/openCologne/4.Advanced--4/1.hw/modules/operator/src/operator.sv
/home/user/openCologne/4.Advanced--4/1.hw/slpp_all/lib/work/modules/operator/src/calc_phase_inc.sv /home/user/openCologne/4.Advanced--4/1.hw/modules/operator/src/calc_phase_inc.sv
/home/user/openCologne/4.Advanced--4/1.hw/slpp_all/lib/work/modules/operator/src/calc_rhythm_phase.sv /home/user/openCologne/4.Advanced--4/1.hw/modules/operator/src/calc_rhythm_phase.sv
/home/user/openCologne/4.Advanced--4/1.hw/slpp_all/lib/work/modules/operator/src/phase_generator.sv /home/user/openCologne/4.Advanced--4/1.hw/modules/operator/src/phase_generator.sv
/home/user/openCologne/4.Advanced--4/1.hw/slpp_all/lib/work/modules/operator/src/vibrato.sv /home/user/openCologne/4.Advanced--4/1.hw/modules/operator/src/vibrato.sv
/home/user/openCologne/4.Advanced--4/1.hw/slpp_all/lib/work/modules/operator/src/envelope_generator.sv /home/user/openCologne/4.Advanced--4/1.hw/modules/operator/src/envelope_generator.sv
/home/user/openCologne/4.Advanced--4/1.hw/slpp_all/lib/work/modules/operator/src/ksl_add_rom.sv /home/user/openCologne/4.Advanced--4/1.hw/modules/operator/src/ksl_add_rom.sv
/home/user/openCologne/4.Advanced--4/1.hw/slpp_all/lib/work/modules/operator/src/env_rate_counter.sv /home/user/openCologne/4.Advanced--4/1.hw/modules/operator/src/env_rate_counter.sv
/home/user/openCologne/4.Advanced--4/1.hw/slpp_all/lib/work/modules/operator/src/tremolo.sv /home/user/openCologne/4.Advanced--4/1.hw/modules/operator/src/tremolo.sv
/home/user/openCologne/4.Advanced--4/1.hw/slpp_all/lib/work/modules/operator/src/opl3_log_sine_lut.sv /home/user/openCologne/4.Advanced--4/1.hw/modules/operator/src/opl3_log_sine_lut.sv
/home/user/openCologne/4.Advanced--4/1.hw/slpp_all/lib/work/modules/operator/src/opl3_exp_lut.sv /home/user/openCologne/4.Advanced--4/1.hw/modules/operator/src/opl3_exp_lut.sv
/home/user/openCologne/4.Advanced--4/1.hw/slpp_all/lib/work/modules/timers/src/timers.sv /home/user/openCologne/4.Advanced--4/1.hw/modules/timers/src/timers.sv
/home/user/openCologne/4.Advanced--4/1.hw/slpp_all/lib/work/modules/timers/src/timer.sv /home/user/openCologne/4.Advanced--4/1.hw/modules/timers/src/timer.sv
/home/user/openCologne/4.Advanced--4/1.hw/slpp_all/lib/work/modules/misc/src/afifo.v /home/user/openCologne/4.Advanced--4/1.hw/modules/misc/src/afifo.v
/home/user/openCologne/4.Advanced--4/1.hw/slpp_all/lib/work/modules/misc/src/edge_detector.sv /home/user/openCologne/4.Advanced--4/1.hw/modules/misc/src/edge_detector.sv
/home/user/openCologne/4.Advanced--4/1.hw/slpp_all/lib/work/modules/misc/src/mem_simple_dual_port_async_read.sv /home/user/openCologne/4.Advanced--4/1.hw/modules/misc/src/mem_simple_dual_port_async_read.sv
/home/user/openCologne/4.Advanced--4/1.hw/slpp_all/lib/work/modules/misc/src/mem_simple_dual_port.sv /home/user/openCologne/4.Advanced--4/1.hw/modules/misc/src/mem_simple_dual_port.sv
/home/user/openCologne/4.Advanced--4/1.hw/slpp_all/lib/work/modules/misc/src/mem_multi_bank.sv /home/user/openCologne/4.Advanced--4/1.hw/modules/misc/src/mem_multi_bank.sv
/home/user/openCologne/4.Advanced--4/1.hw/slpp_all/lib/work/modules/misc/src/mem_multi_bank_reset.sv /home/user/openCologne/4.Advanced--4/1.hw/modules/misc/src/mem_multi_bank_reset.sv
/home/user/openCologne/4.Advanced--4/1.hw/slpp_all/lib/work/modules/misc/src/pipeline_sr.sv /home/user/openCologne/4.Advanced--4/1.hw/modules/misc/src/pipeline_sr.sv
/home/user/openCologne/4.Advanced--4/1.hw/slpp_all/lib/work/modules/misc/src/synchronizer.sv /home/user/openCologne/4.Advanced--4/1.hw/modules/misc/src/synchronizer.sv
/home/user/openCologne/4.Advanced--4/1.hw/slpp_all/lib/work/modules/misc/src/leds.sv /home/user/openCologne/4.Advanced--4/1.hw/modules/misc/src/leds.sv
/home/user/openCologne/4.Advanced--4/1.hw/slpp_all/lib/work/modules/host_if/src/host_if.sv /home/user/openCologne/4.Advanced--4/1.hw/modules/host_if/src/host_if.sv
/home/user/openCologne/4.Advanced--4/1.hw/slpp_all/lib/work/modules/host_if/src/trick_sw_detection.sv /home/user/openCologne/4.Advanced--4/1.hw/modules/host_if/src/trick_sw_detection.sv
